#
# There is insufficient memory for the Java Runtime Environment to continue.
# Native memory allocation (malloc) failed to allocate 378656 bytes. Error detail: Chunk::new
# Possible reasons:
#   The system is out of physical RAM or swap space
#   This process is running with CompressedOops enabled, and the Java Heap may be blocking the growth of the native heap
# Possible solutions:
#   Reduce memory load on the system
#   Increase physical memory or swap space
#   Check if swap backing store is full
#   Decrease Java heap size (-Xmx/-Xms)
#   Decrease number of Java threads
#   Decrease Java thread stack sizes (-Xss)
#   Set larger code cache with -XX:ReservedCodeCacheSize=
#   JVM is running with Unscaled Compressed Oops mode in which the Java heap is
#     placed in the first 4GB address space. The Java Heap base address is the
#     maximum limit for the native heap growth. Please use -XX:HeapBaseMinAddress
#     to set the Java Heap base and to place the Java Heap above 4GB virtual address.
# This output file may be truncated or incomplete.
#
#  Out of Memory Error (arena.cpp:168), pid=3396, tid=12200
#
# JRE version: OpenJDK Runtime Environment Temurin-21.0.9+10 (21.0.9+10) (build 21.0.9+10-LTS)
# Java VM: OpenJDK 64-Bit Server VM Temurin-21.0.9+10 (21.0.9+10-LTS, mixed mode, sharing, tiered, compressed oops, compressed class ptrs, parallel gc, windows-amd64)
# No core dump will be written. Minidumps are not enabled by default on client versions of Windows
#

---------------  S U M M A R Y ------------

Command Line: --add-modules=ALL-SYSTEM --add-opens=java.base/java.util=ALL-UNNAMED --add-opens=java.base/java.lang=ALL-UNNAMED --add-opens=java.base/sun.nio.fs=ALL-UNNAMED -Declipse.application=org.eclipse.jdt.ls.core.id1 -Dosgi.bundles.defaultStartLevel=4 -Declipse.product=org.eclipse.jdt.ls.core.product -Djava.import.generatesMetadataFilesAtProjectRoot=false -DDetectVMInstallationsJob.disabled=true -Dfile.encoding=utf8 -XX:+UseParallelGC -XX:GCTimeRatio=4 -XX:AdaptiveSizePolicyWeight=90 -Dsun.zip.disableMemoryMapping=true -Xmx2G -Xms100m -Xlog:disable -javaagent:c:\Users\Admin\.vscode\extensions\redhat.java-1.50.0-win32-x64\lombok\lombok-1.18.39-4050.jar c:\Users\Admin\.vscode\extensions\redhat.java-1.50.0-win32-x64\server\plugins\org.eclipse.equinox.launcher_1.7.100.v20251111-0406.jar -configuration c:\Users\Admin\AppData\Roaming\Code\User\globalStorage\redhat.java\1.50.0\config_ss_win -data c:\Users\Admin\AppData\Roaming\Code\User\workspaceStorage\03c2d20ecec2e68c7435037f164b59d0\redhat.java\ss_ws --pipe=\\.\pipe\lsp-41f1f2efd8ae2a86bde8a66de60d1e4f-sock

Host: Intel(R) Core(TM) i3-8100 CPU @ 3.60GHz, 4 cores, 15G,  Windows 10 , 64 bit Build 18362 (10.0.18362.2037)
Time: Wed Dec 31 01:26:27 2025 SE Asia Standard Time elapsed time: 5.842559 seconds (0d 0h 0m 5s)

---------------  T H R E A D  ---------------

Current thread (0x0000029f91a1e050):  JavaThread "C2 CompilerThread1" daemon [_thread_in_native, id=12200, stack(0x000000f09b000000,0x000000f09b100000) (1024K)]


Current CompileTask:
C2:5842 4734       4       jdk.internal.jimage.ImageReader$SharedImageReader::visitLocation (73 bytes)

Stack: [0x000000f09b000000,0x000000f09b100000]
Native frames: (J=compiled Java code, j=interpreted, Vv=VM code, C=native code)
V  [jvm.dll+0x6d6e29]
V  [jvm.dll+0x8b4b76]
V  [jvm.dll+0x8b712e]
V  [jvm.dll+0x8b7813]
V  [jvm.dll+0x283d86]
V  [jvm.dll+0xc66ed]
V  [jvm.dll+0xc6c31]
V  [jvm.dll+0x2facee]
V  [jvm.dll+0x5fde44]
V  [jvm.dll+0x255557]
V  [jvm.dll+0x25591d]
V  [jvm.dll+0x24df40]
V  [jvm.dll+0x24b482]
V  [jvm.dll+0x1cb13e]
V  [jvm.dll+0x25b29d]
V  [jvm.dll+0x25982a]
V  [jvm.dll+0x3f7ea6]
V  [jvm.dll+0x85e9ad]
V  [jvm.dll+0x6d565d]
C  [ucrtbase.dll+0x210b2]
C  [KERNEL32.DLL+0x17c24]
C  [ntdll.dll+0x6d721]


---------------  P R O C E S S  ---------------

Threads class SMR info:
_java_thread_list=0x0000029f91976660, length=32, elements={
0x0000029f33af9df0, 0x0000029f339e4f90, 0x0000029f339e7800, 0x0000029f339e8710,
0x0000029f339e9620, 0x0000029f339eb3e0, 0x0000029f339ede40, 0x0000029f339eec70,
0x0000029f33a61620, 0x0000029f8c2defd0, 0x0000029f8c3fd4e0, 0x0000029f8ca35fd0,
0x0000029f91034200, 0x0000029f8c9f6e20, 0x0000029f8c459160, 0x0000029f910acd20,
0x0000029f911af9d0, 0x0000029f91365920, 0x0000029f91a1e050, 0x0000029f91c744e0,
0x0000029f91c73130, 0x0000029f91c71d80, 0x0000029f91c737c0, 0x0000029f91c71060,
0x0000029f91c72aa0, 0x0000029f91c72410, 0x0000029f91c716f0, 0x0000029f91c73e50,
0x0000029f9373ec10, 0x0000029f9373e580, 0x0000029f9373f2a0, 0x0000029f93740650
}

Java Threads: ( => current thread )
  0x0000029f33af9df0 JavaThread "main"                              [_thread_blocked, id=9340, stack(0x000000f099700000,0x000000f099800000) (1024K)]
  0x0000029f339e4f90 JavaThread "Reference Handler"          daemon [_thread_blocked, id=1804, stack(0x000000f099c00000,0x000000f099d00000) (1024K)]
  0x0000029f339e7800 JavaThread "Finalizer"                  daemon [_thread_blocked, id=2620, stack(0x000000f099d00000,0x000000f099e00000) (1024K)]
  0x0000029f339e8710 JavaThread "Signal Dispatcher"          daemon [_thread_blocked, id=2464, stack(0x000000f099e00000,0x000000f099f00000) (1024K)]
  0x0000029f339e9620 JavaThread "Attach Listener"            daemon [_thread_blocked, id=10608, stack(0x000000f099f00000,0x000000f09a000000) (1024K)]
  0x0000029f339eb3e0 JavaThread "Service Thread"             daemon [_thread_blocked, id=11364, stack(0x000000f09a000000,0x000000f09a100000) (1024K)]
  0x0000029f339ede40 JavaThread "Monitor Deflation Thread"   daemon [_thread_blocked, id=7812, stack(0x000000f09a100000,0x000000f09a200000) (1024K)]
  0x0000029f339eec70 JavaThread "C2 CompilerThread0"         daemon [_thread_in_native, id=1480, stack(0x000000f09a200000,0x000000f09a300000) (1024K)]
  0x0000029f33a61620 JavaThread "C1 CompilerThread0"         daemon [_thread_blocked, id=3688, stack(0x000000f09a300000,0x000000f09a400000) (1024K)]
  0x0000029f8c2defd0 JavaThread "Common-Cleaner"             daemon [_thread_blocked, id=5812, stack(0x000000f09a400000,0x000000f09a500000) (1024K)]
  0x0000029f8c3fd4e0 JavaThread "Notification Thread"        daemon [_thread_blocked, id=7252, stack(0x000000f09a500000,0x000000f09a600000) (1024K)]
  0x0000029f8ca35fd0 JavaThread "Active Thread: Equinox Container: b1b27db4-3559-4f2f-9e03-e5dc2e155aaa"        [_thread_blocked, id=2264, stack(0x000000f09aa00000,0x000000f09ab00000) (1024K)]
  0x0000029f91034200 JavaThread "Framework Event Dispatcher: Equinox Container: b1b27db4-3559-4f2f-9e03-e5dc2e155aaa" daemon [_thread_blocked, id=1808, stack(0x000000f09ab00000,0x000000f09ac00000) (1024K)]
  0x0000029f8c9f6e20 JavaThread "Start Level: Equinox Container: b1b27db4-3559-4f2f-9e03-e5dc2e155aaa" daemon [_thread_blocked, id=6388, stack(0x000000f09ac00000,0x000000f09ad00000) (1024K)]
  0x0000029f8c459160 JavaThread "SCR Component Actor"        daemon [_thread_blocked, id=11020, stack(0x000000f09a600000,0x000000f09a700000) (1024K)]
  0x0000029f910acd20 JavaThread "Worker-JM"                         [_thread_blocked, id=6796, stack(0x000000f09ae00000,0x000000f09af00000) (1024K)]
  0x0000029f911af9d0 JavaThread "Worker-0: Building"                [_thread_in_vm, id=11420, stack(0x000000f09ad00000,0x000000f09ae00000) (1024K)]
  0x0000029f91365920 JavaThread "Worker-1"                          [_thread_blocked, id=11844, stack(0x000000f09af00000,0x000000f09b000000) (1024K)]
=>0x0000029f91a1e050 JavaThread "C2 CompilerThread1"         daemon [_thread_in_native, id=12200, stack(0x000000f09b000000,0x000000f09b100000) (1024K)]
  0x0000029f91c744e0 JavaThread "JNA Cleaner"                daemon [_thread_blocked, id=10268, stack(0x000000f09b100000,0x000000f09b200000) (1024K)]
  0x0000029f91c73130 JavaThread "Thread-1"                   daemon [_thread_in_native, id=5456, stack(0x000000f09b200000,0x000000f09b300000) (1024K)]
  0x0000029f91c71d80 JavaThread "Thread-2"                   daemon [_thread_in_native, id=9436, stack(0x000000f09b300000,0x000000f09b400000) (1024K)]
  0x0000029f91c737c0 JavaThread "Thread-3"                   daemon [_thread_in_native, id=12208, stack(0x000000f09b400000,0x000000f09b500000) (1024K)]
  0x0000029f91c71060 JavaThread "Thread-4"                   daemon [_thread_in_native, id=2692, stack(0x000000f09b500000,0x000000f09b600000) (1024K)]
  0x0000029f91c72aa0 JavaThread "Thread-5"                   daemon [_thread_in_native, id=10624, stack(0x000000f09b600000,0x000000f09b700000) (1024K)]
  0x0000029f91c72410 JavaThread "pool-2-thread-1"                   [_thread_blocked, id=4316, stack(0x000000f09b700000,0x000000f09b800000) (1024K)]
  0x0000029f91c716f0 JavaThread "WorkspaceEventsHandler"            [_thread_blocked, id=11748, stack(0x000000f09b800000,0x000000f09b900000) (1024K)]
  0x0000029f91c73e50 JavaThread "pool-1-thread-1"                   [_thread_in_vm, id=9704, stack(0x000000f09b900000,0x000000f09ba00000) (1024K)]
  0x0000029f9373ec10 JavaThread "ForkJoinPool.commonPool-worker-1" daemon [_thread_blocked, id=10864, stack(0x000000f09ba00000,0x000000f09bb00000) (1024K)]
  0x0000029f9373e580 JavaThread "ForkJoinPool.commonPool-worker-2" daemon [_thread_blocked, id=7268, stack(0x000000f09bb00000,0x000000f09bc00000) (1024K)]
  0x0000029f9373f2a0 JavaThread "ForkJoinPool.commonPool-worker-3" daemon [_thread_blocked, id=4484, stack(0x000000f09bc00000,0x000000f09bd00000) (1024K)]
  0x0000029f93740650 JavaThread "Worker-2"                          [_thread_blocked, id=4812, stack(0x000000f09bd00000,0x000000f09be00000) (1024K)]
Total: 32

Other Threads:
  0x0000029f33bb9450 VMThread "VM Thread"                           [id=9296, stack(0x000000f099b00000,0x000000f099c00000) (1024K)]
  0x0000029f33b646c0 WatcherThread "VM Periodic Task Thread"        [id=9312, stack(0x000000f099a00000,0x000000f099b00000) (1024K)]
  0x0000029f33b19390 WorkerThread "GC Thread#0"                     [id=3468, stack(0x000000f099900000,0x000000f099a00000) (1024K)]
  0x0000029f8c4f8610 WorkerThread "GC Thread#1"                     [id=3628, stack(0x000000f09a700000,0x000000f09a800000) (1024K)]
  0x0000029f8c4f89b0 WorkerThread "GC Thread#2"                     [id=10380, stack(0x000000f09a800000,0x000000f09a900000) (1024K)]
  0x0000029f8c6c5770 WorkerThread "GC Thread#3"                     [id=11732, stack(0x000000f09a900000,0x000000f09aa00000) (1024K)]
Total: 6

Threads with active compile tasks:
C2 CompilerThread0  5853 4756       4       sun.nio.fs.WindowsPathParser::normalize (233 bytes)
C2 CompilerThread1  5853 4734       4       jdk.internal.jimage.ImageReader$SharedImageReader::visitLocation (73 bytes)
Total: 2

VM state: not at safepoint (normal execution)

VM Mutex/Monitor currently owned by a thread: None

Heap address: 0x0000000080000000, size: 2048 MB, Compressed Oops mode: 32-bit

CDS archive(s) mapped at: [0x0000029f4b000000-0x0000029f4bba0000-0x0000029f4bba0000), size 12189696, SharedBaseAddress: 0x0000029f4b000000, ArchiveRelocationMode: 1.
Compressed class space mapped at: 0x0000029f4c000000-0x0000029f8c000000, reserved size: 1073741824
Narrow klass base: 0x0000029f4b000000, Narrow klass shift: 0, Narrow klass range: 0x100000000

GC Precious Log:
 CardTable entry size: 512
 CPUs: 4 total, 4 available
 Memory: 16245M
 Large Page Support: Disabled
 NUMA Support: Disabled
 Compressed Oops: Enabled (32-bit)
 Alignments: Space 512K, Generation 512K, Heap 2M
 Heap Min Capacity: 100M
 Heap Initial Capacity: 100M
 Heap Max Capacity: 2G
 Pre-touch: Disabled
 Parallel Workers: 4

Heap:
 PSYoungGen      total 23040K, used 12025K [0x00000000d5580000, 0x00000000d7600000, 0x0000000100000000)
  eden space 21504K, 48% used [0x00000000d5580000,0x00000000d5fc26f0,0x00000000d6a80000)
  from space 1536K, 98% used [0x00000000d7000000,0x00000000d717c010,0x00000000d7180000)
  to   space 5632K, 0% used [0x00000000d6a80000,0x00000000d6a80000,0x00000000d7000000)
 ParOldGen       total 68608K, used 25380K [0x0000000080000000, 0x0000000084300000, 0x00000000d5580000)
  object space 68608K, 36% used [0x0000000080000000,0x00000000818c9250,0x0000000084300000)
 Metaspace       used 37322K, committed 38336K, reserved 1114112K
  class space    used 3829K, committed 4288K, reserved 1048576K

Card table byte_map: [0x0000029f334a0000,0x0000029f338b0000] _byte_map_base: 0x0000029f330a0000

Marking Bits: (ParMarkBitMap*) 0x00007ff9b05e2460
 Begin Bits: [0x0000029f45fb0000, 0x0000029f47fb0000)
 End Bits:   [0x0000029f47fb0000, 0x0000029f49fb0000)

Polling page: 0x0000029f31990000

Metaspace:

Usage:
  Non-class:     32.71 MB used.
      Class:      3.74 MB used.
       Both:     36.45 MB used.

Virtual space:
  Non-class space:       64.00 MB reserved,      33.25 MB ( 52%) committed,  1 nodes.
      Class space:        1.00 GB reserved,       4.19 MB ( <1%) committed,  1 nodes.
             Both:        1.06 GB reserved,      37.44 MB (  3%) committed. 

Chunk freelists:
   Non-Class:  13.95 MB
       Class:  11.84 MB
        Both:  25.79 MB

MaxMetaspaceSize: unlimited
CompressedClassSpaceSize: 1.00 GB
Initial GC threshold: 21.00 MB
Current GC threshold: 58.38 MB
CDS: on
 - commit_granule_bytes: 65536.
 - commit_granule_words: 8192.
 - virtual_space_node_default_size: 8388608.
 - enlarge_chunks_in_place: 1.
 - use_allocation_guard: 0.


Internal statistics:

num_allocs_failed_limit: 6.
num_arena_births: 708.
num_arena_deaths: 14.
num_vsnodes_births: 2.
num_vsnodes_deaths: 0.
num_space_committed: 599.
num_space_uncommitted: 0.
num_chunks_returned_to_freelist: 20.
num_chunks_taken_from_freelist: 2227.
num_chunk_merges: 12.
num_chunk_splits: 1436.
num_chunks_enlarged: 909.
num_inconsistent_stats: 0.

CodeHeap 'non-profiled nmethods': size=120000Kb used=2465Kb max_used=2465Kb free=117534Kb
 bounds [0x0000029f3e7d0000, 0x0000029f3ea40000, 0x0000029f45d00000]
CodeHeap 'profiled nmethods': size=120000Kb used=8594Kb max_used=8659Kb free=111405Kb
 bounds [0x0000029f36d00000, 0x0000029f375a0000, 0x0000029f3e230000]
CodeHeap 'non-nmethods': size=5760Kb used=1379Kb max_used=1415Kb free=4380Kb
 bounds [0x0000029f3e230000, 0x0000029f3e4a0000, 0x0000029f3e7d0000]
CodeCache: size=245760Kb, used=12438Kb, max_used=12539Kb, free=233319Kb
 total_blobs=5057, nmethods=4370, adapters=592, full_count=0
Compilation: enabled, stopped_count=0, restarted_count=0

Compilation events (20 events):
Event: 5.827 Thread 0x0000029f339eec70 nmethod 4746 0x0000029f3ea36190 code [0x0000029f3ea36340, 0x0000029f3ea36710]
Event: 5.827 Thread 0x0000029f33a61620 4747       3       java.lang.invoke.LambdaForm$MH/0x0000029f4c3fa800::invoke (54 bytes)
Event: 5.827 Thread 0x0000029f33a61620 nmethod 4747 0x0000029f36dcb490 code [0x0000029f36dcb6a0, 0x0000029f36dcbdf0]
Event: 5.828 Thread 0x0000029f33a61620 4748       3       java.lang.runtime.ObjectMethods::hashCombiner (7 bytes)
Event: 5.828 Thread 0x0000029f33a61620 nmethod 4748 0x0000029f36d46210 code [0x0000029f36d463a0, 0x0000029f36d46498]
Event: 5.828 Thread 0x0000029f33a61620 4749       3       java.lang.invoke.DirectMethodHandle$Holder::invokeStatic (15 bytes)
Event: 5.828 Thread 0x0000029f33a61620 nmethod 4749 0x0000029f36d4eb90 code [0x0000029f36d4ed60, 0x0000029f36d4f148]
Event: 5.828 Thread 0x0000029f339eec70 4750       4       java.util.Collections$UnmodifiableCollection::stream (10 bytes)
Event: 5.830 Thread 0x0000029f339eec70 nmethod 4750 0x0000029f3ea36890 code [0x0000029f3ea36a40, 0x0000029f3ea36c28]
Event: 5.830 Thread 0x0000029f339eec70 4751       4       jdk.internal.jrtfs.JrtPath::newDirectoryStream (10 bytes)
Event: 5.831 Thread 0x0000029f339eec70 nmethod 4751 0x0000029f3ea36e10 code [0x0000029f3ea36fc0, 0x0000029f3ea37188]
Event: 5.831 Thread 0x0000029f339eec70 4752       4       jdk.internal.jrtfs.JrtDirectoryStream::<init> (39 bytes)
Event: 5.832 Thread 0x0000029f339eec70 nmethod 4752 0x0000029f3ea37390 code [0x0000029f3ea37540, 0x0000029f3ea376a8]
Event: 5.832 Thread 0x0000029f339eec70 4753       4       jdk.internal.jimage.ImageReader$Directory::getChildren (8 bytes)
Event: 5.834 Thread 0x0000029f339eec70 nmethod 4753 0x0000029f3ea37890 code [0x0000029f3ea37a40, 0x0000029f3ea37cc0]
Event: 5.835 Thread 0x0000029f339eec70 4754       4       java.nio.ByteBuffer::<init> (47 bytes)
Event: 5.835 Thread 0x0000029f339eec70 nmethod 4754 0x0000029f3ea37e10 code [0x0000029f3ea37fa0, 0x0000029f3ea38130]
Event: 5.836 Thread 0x0000029f339eec70 4755       4       java.util.ImmutableCollections$AbstractImmutableList::iterator (13 bytes)
Event: 5.837 Thread 0x0000029f339eec70 nmethod 4755 0x0000029f3ea38290 code [0x0000029f3ea38440, 0x0000029f3ea385d0]
Event: 5.837 Thread 0x0000029f339eec70 4756       4       sun.nio.fs.WindowsPathParser::normalize (233 bytes)

GC Heap History (20 events):
Event: 4.219 GC heap before
{Heap before GC invocations=9 (full 1):
 PSYoungGen      total 27136K, used 27030K [0x00000000d5580000, 0x00000000d7480000, 0x0000000100000000)
  eden space 24576K, 100% used [0x00000000d5580000,0x00000000d6d80000,0x00000000d6d80000)
  from space 2560K, 95% used [0x00000000d6e00000,0x00000000d7065b00,0x00000000d7080000)
  to   space 3584K, 0% used [0x00000000d7100000,0x00000000d7100000,0x00000000d7480000)
 ParOldGen       total 68608K, used 9861K [0x0000000080000000, 0x0000000084300000, 0x00000000d5580000)
  object space 68608K, 14% used [0x0000000080000000,0x00000000809a17b8,0x0000000084300000)
 Metaspace       used 28132K, committed 28992K, reserved 1114112K
  class space    used 2824K, committed 3200K, reserved 1048576K
}
Event: 4.223 GC heap after
{Heap after GC invocations=9 (full 1):
 PSYoungGen      total 27648K, used 3567K [0x00000000d5580000, 0x00000000d7500000, 0x0000000100000000)
  eden space 24064K, 0% used [0x00000000d5580000,0x00000000d5580000,0x00000000d6d00000)
  from space 3584K, 99% used [0x00000000d7100000,0x00000000d747bf80,0x00000000d7480000)
  to   space 4096K, 0% used [0x00000000d6d00000,0x00000000d6d00000,0x00000000d7100000)
 ParOldGen       total 68608K, used 9965K [0x0000000080000000, 0x0000000084300000, 0x00000000d5580000)
  object space 68608K, 14% used [0x0000000080000000,0x00000000809bb7b8,0x0000000084300000)
 Metaspace       used 28132K, committed 28992K, reserved 1114112K
  class space    used 2824K, committed 3200K, reserved 1048576K
}
Event: 4.534 GC heap before
{Heap before GC invocations=10 (full 1):
 PSYoungGen      total 27648K, used 27631K [0x00000000d5580000, 0x00000000d7500000, 0x0000000100000000)
  eden space 24064K, 100% used [0x00000000d5580000,0x00000000d6d00000,0x00000000d6d00000)
  from space 3584K, 99% used [0x00000000d7100000,0x00000000d747bf80,0x00000000d7480000)
  to   space 4096K, 0% used [0x00000000d6d00000,0x00000000d6d00000,0x00000000d7100000)
 ParOldGen       total 68608K, used 9965K [0x0000000080000000, 0x0000000084300000, 0x00000000d5580000)
  object space 68608K, 14% used [0x0000000080000000,0x00000000809bb7b8,0x0000000084300000)
 Metaspace       used 31428K, committed 32320K, reserved 1114112K
  class space    used 3207K, committed 3648K, reserved 1048576K
}
Event: 4.538 GC heap after
{Heap after GC invocations=10 (full 1):
 PSYoungGen      total 27648K, used 4067K [0x00000000d5580000, 0x00000000d7880000, 0x0000000100000000)
  eden space 23552K, 0% used [0x00000000d5580000,0x00000000d5580000,0x00000000d6c80000)
  from space 4096K, 99% used [0x00000000d6d00000,0x00000000d70f8fc0,0x00000000d7100000)
  to   space 6144K, 0% used [0x00000000d7280000,0x00000000d7280000,0x00000000d7880000)
 ParOldGen       total 68608K, used 11267K [0x0000000080000000, 0x0000000084300000, 0x00000000d5580000)
  object space 68608K, 16% used [0x0000000080000000,0x0000000080b00ce8,0x0000000084300000)
 Metaspace       used 31428K, committed 32320K, reserved 1114112K
  class space    used 3207K, committed 3648K, reserved 1048576K
}
Event: 4.915 GC heap before
{Heap before GC invocations=11 (full 1):
 PSYoungGen      total 27648K, used 27619K [0x00000000d5580000, 0x00000000d7880000, 0x0000000100000000)
  eden space 23552K, 100% used [0x00000000d5580000,0x00000000d6c80000,0x00000000d6c80000)
  from space 4096K, 99% used [0x00000000d6d00000,0x00000000d70f8fc0,0x00000000d7100000)
  to   space 6144K, 0% used [0x00000000d7280000,0x00000000d7280000,0x00000000d7880000)
 ParOldGen       total 68608K, used 11267K [0x0000000080000000, 0x0000000084300000, 0x00000000d5580000)
  object space 68608K, 16% used [0x0000000080000000,0x0000000080b00ce8,0x0000000084300000)
 Metaspace       used 33781K, committed 34752K, reserved 1114112K
  class space    used 3482K, committed 3904K, reserved 1048576K
}
Event: 4.918 GC heap after
{Heap after GC invocations=11 (full 1):
 PSYoungGen      total 25600K, used 2285K [0x00000000d5580000, 0x00000000d7500000, 0x0000000100000000)
  eden space 23040K, 0% used [0x00000000d5580000,0x00000000d5580000,0x00000000d6c00000)
  from space 2560K, 89% used [0x00000000d7280000,0x00000000d74bb558,0x00000000d7500000)
  to   space 3584K, 0% used [0x00000000d6e00000,0x00000000d6e00000,0x00000000d7180000)
 ParOldGen       total 68608K, used 14296K [0x0000000080000000, 0x0000000084300000, 0x00000000d5580000)
  object space 68608K, 20% used [0x0000000080000000,0x0000000080df63a0,0x0000000084300000)
 Metaspace       used 33781K, committed 34752K, reserved 1114112K
  class space    used 3482K, committed 3904K, reserved 1048576K
}
Event: 5.093 GC heap before
{Heap before GC invocations=12 (full 1):
 PSYoungGen      total 25600K, used 18882K [0x00000000d5580000, 0x00000000d7500000, 0x0000000100000000)
  eden space 23040K, 72% used [0x00000000d5580000,0x00000000d65b5520,0x00000000d6c00000)
  from space 2560K, 89% used [0x00000000d7280000,0x00000000d74bb558,0x00000000d7500000)
  to   space 3584K, 0% used [0x00000000d6e00000,0x00000000d6e00000,0x00000000d7180000)
 ParOldGen       total 68608K, used 14296K [0x0000000080000000, 0x0000000084300000, 0x00000000d5580000)
  object space 68608K, 20% used [0x0000000080000000,0x0000000080df63a0,0x0000000084300000)
 Metaspace       used 34935K, committed 35840K, reserved 1114112K
  class space    used 3604K, committed 4032K, reserved 1048576K
}
Event: 5.096 GC heap after
{Heap after GC invocations=12 (full 1):
 PSYoungGen      total 24576K, used 1272K [0x00000000d5580000, 0x00000000d7300000, 0x0000000100000000)
  eden space 23040K, 0% used [0x00000000d5580000,0x00000000d5580000,0x00000000d6c00000)
  from space 1536K, 82% used [0x00000000d6e00000,0x00000000d6f3e1d0,0x00000000d6f80000)
  to   space 2048K, 0% used [0x00000000d7100000,0x00000000d7100000,0x00000000d7300000)
 ParOldGen       total 68608K, used 16449K [0x0000000080000000, 0x0000000084300000, 0x00000000d5580000)
  object space 68608K, 23% used [0x0000000080000000,0x0000000081010640,0x0000000084300000)
 Metaspace       used 34935K, committed 35840K, reserved 1114112K
  class space    used 3604K, committed 4032K, reserved 1048576K
}
Event: 5.096 GC heap before
{Heap before GC invocations=13 (full 2):
 PSYoungGen      total 24576K, used 1272K [0x00000000d5580000, 0x00000000d7300000, 0x0000000100000000)
  eden space 23040K, 0% used [0x00000000d5580000,0x00000000d5580000,0x00000000d6c00000)
  from space 1536K, 82% used [0x00000000d6e00000,0x00000000d6f3e1d0,0x00000000d6f80000)
  to   space 2048K, 0% used [0x00000000d7100000,0x00000000d7100000,0x00000000d7300000)
 ParOldGen       total 68608K, used 16449K [0x0000000080000000, 0x0000000084300000, 0x00000000d5580000)
  object space 68608K, 23% used [0x0000000080000000,0x0000000081010640,0x0000000084300000)
 Metaspace       used 34935K, committed 35840K, reserved 1114112K
  class space    used 3604K, committed 4032K, reserved 1048576K
}
Event: 5.127 GC heap after
{Heap after GC invocations=13 (full 2):
 PSYoungGen      total 24576K, used 0K [0x00000000d5580000, 0x00000000d7300000, 0x0000000100000000)
  eden space 23040K, 0% used [0x00000000d5580000,0x00000000d5580000,0x00000000d6c00000)
  from space 1536K, 0% used [0x00000000d6e00000,0x00000000d6e00000,0x00000000d6f80000)
  to   space 2048K, 0% used [0x00000000d7100000,0x00000000d7100000,0x00000000d7300000)
 ParOldGen       total 68608K, used 16400K [0x0000000080000000, 0x0000000084300000, 0x00000000d5580000)
  object space 68608K, 23% used [0x0000000080000000,0x0000000081004088,0x0000000084300000)
 Metaspace       used 34935K, committed 35840K, reserved 1114112K
  class space    used 3604K, committed 4032K, reserved 1048576K
}
Event: 5.277 GC heap before
{Heap before GC invocations=14 (full 2):
 PSYoungGen      total 24576K, used 23040K [0x00000000d5580000, 0x00000000d7300000, 0x0000000100000000)
  eden space 23040K, 100% used [0x00000000d5580000,0x00000000d6c00000,0x00000000d6c00000)
  from space 1536K, 0% used [0x00000000d6e00000,0x00000000d6e00000,0x00000000d6f80000)
  to   space 2048K, 0% used [0x00000000d7100000,0x00000000d7100000,0x00000000d7300000)
 ParOldGen       total 68608K, used 16400K [0x0000000080000000, 0x0000000084300000, 0x00000000d5580000)
  object space 68608K, 23% used [0x0000000080000000,0x0000000081004088,0x0000000084300000)
 Metaspace       used 35897K, committed 36864K, reserved 1114112K
  class space    used 3686K, committed 4096K, reserved 1048576K
}
Event: 5.280 GC heap after
{Heap after GC invocations=14 (full 2):
 PSYoungGen      total 24576K, used 1888K [0x00000000d5580000, 0x00000000d7300000, 0x0000000100000000)
  eden space 22528K, 0% used [0x00000000d5580000,0x00000000d5580000,0x00000000d6b80000)
  from space 2048K, 92% used [0x00000000d7100000,0x00000000d72d8010,0x00000000d7300000)
  to   space 2048K, 0% used [0x00000000d6f00000,0x00000000d6f00000,0x00000000d7100000)
 ParOldGen       total 68608K, used 16408K [0x0000000080000000, 0x0000000084300000, 0x00000000d5580000)
  object space 68608K, 23% used [0x0000000080000000,0x0000000081006088,0x0000000084300000)
 Metaspace       used 35897K, committed 36864K, reserved 1114112K
  class space    used 3686K, committed 4096K, reserved 1048576K
}
Event: 5.350 GC heap before
{Heap before GC invocations=15 (full 2):
 PSYoungGen      total 24576K, used 24416K [0x00000000d5580000, 0x00000000d7300000, 0x0000000100000000)
  eden space 22528K, 100% used [0x00000000d5580000,0x00000000d6b80000,0x00000000d6b80000)
  from space 2048K, 92% used [0x00000000d7100000,0x00000000d72d8010,0x00000000d7300000)
  to   space 2048K, 0% used [0x00000000d6f00000,0x00000000d6f00000,0x00000000d7100000)
 ParOldGen       total 68608K, used 16408K [0x0000000080000000, 0x0000000084300000, 0x00000000d5580000)
  object space 68608K, 23% used [0x0000000080000000,0x0000000081006088,0x0000000084300000)
 Metaspace       used 36235K, committed 37184K, reserved 1114112K
  class space    used 3731K, committed 4160K, reserved 1048576K
}
Event: 5.354 GC heap after
{Heap after GC invocations=15 (full 2):
 PSYoungGen      total 24064K, used 2033K [0x00000000d5580000, 0x00000000d7400000, 0x0000000100000000)
  eden space 22016K, 0% used [0x00000000d5580000,0x00000000d5580000,0x00000000d6b00000)
  from space 2048K, 99% used [0x00000000d6f00000,0x00000000d70fc400,0x00000000d7100000)
  to   space 3072K, 0% used [0x00000000d7100000,0x00000000d7100000,0x00000000d7400000)
 ParOldGen       total 68608K, used 18240K [0x0000000080000000, 0x0000000084300000, 0x00000000d5580000)
  object space 68608K, 26% used [0x0000000080000000,0x00000000811d00a8,0x0000000084300000)
 Metaspace       used 36235K, committed 37184K, reserved 1114112K
  class space    used 3731K, committed 4160K, reserved 1048576K
}
Event: 5.446 GC heap before
{Heap before GC invocations=16 (full 2):
 PSYoungGen      total 24064K, used 24042K [0x00000000d5580000, 0x00000000d7400000, 0x0000000100000000)
  eden space 22016K, 99% used [0x00000000d5580000,0x00000000d6afe510,0x00000000d6b00000)
  from space 2048K, 99% used [0x00000000d6f00000,0x00000000d70fc400,0x00000000d7100000)
  to   space 3072K, 0% used [0x00000000d7100000,0x00000000d7100000,0x00000000d7400000)
 ParOldGen       total 68608K, used 18240K [0x0000000080000000, 0x0000000084300000, 0x00000000d5580000)
  object space 68608K, 26% used [0x0000000080000000,0x00000000811d00a8,0x0000000084300000)
 Metaspace       used 36646K, committed 37632K, reserved 1114112K
  class space    used 3783K, committed 4224K, reserved 1048576K
}
Event: 5.452 GC heap after
{Heap after GC invocations=16 (full 2):
 PSYoungGen      total 24576K, used 2146K [0x00000000d5580000, 0x00000000d7380000, 0x0000000100000000)
  eden space 22016K, 0% used [0x00000000d5580000,0x00000000d5580000,0x00000000d6b00000)
  from space 2560K, 83% used [0x00000000d7100000,0x00000000d7318810,0x00000000d7380000)
  to   space 3072K, 0% used [0x00000000d6d80000,0x00000000d6d80000,0x00000000d7080000)
 ParOldGen       total 68608K, used 20184K [0x0000000080000000, 0x0000000084300000, 0x00000000d5580000)
  object space 68608K, 29% used [0x0000000080000000,0x00000000813b60a8,0x0000000084300000)
 Metaspace       used 36646K, committed 37632K, reserved 1114112K
  class space    used 3783K, committed 4224K, reserved 1048576K
}
Event: 5.496 GC heap before
{Heap before GC invocations=17 (full 2):
 PSYoungGen      total 24576K, used 24162K [0x00000000d5580000, 0x00000000d7380000, 0x0000000100000000)
  eden space 22016K, 100% used [0x00000000d5580000,0x00000000d6b00000,0x00000000d6b00000)
  from space 2560K, 83% used [0x00000000d7100000,0x00000000d7318810,0x00000000d7380000)
  to   space 3072K, 0% used [0x00000000d6d80000,0x00000000d6d80000,0x00000000d7080000)
 ParOldGen       total 68608K, used 20184K [0x0000000080000000, 0x0000000084300000, 0x00000000d5580000)
  object space 68608K, 29% used [0x0000000080000000,0x00000000813b60a8,0x0000000084300000)
 Metaspace       used 36933K, committed 37888K, reserved 1114112K
  class space    used 3799K, committed 4224K, reserved 1048576K
}
Event: 5.502 GC heap after
{Heap after GC invocations=17 (full 2):
 PSYoungGen      total 24576K, used 2243K [0x00000000d5580000, 0x00000000d7180000, 0x0000000100000000)
  eden space 22016K, 0% used [0x00000000d5580000,0x00000000d5580000,0x00000000d6b00000)
  from space 2560K, 87% used [0x00000000d6d80000,0x00000000d6fb0f60,0x00000000d7000000)
  to   space 1536K, 0% used [0x00000000d7000000,0x00000000d7000000,0x00000000d7180000)
 ParOldGen       total 68608K, used 22184K [0x0000000080000000, 0x0000000084300000, 0x00000000d5580000)
  object space 68608K, 32% used [0x0000000080000000,0x00000000815aa0b8,0x0000000084300000)
 Metaspace       used 36933K, committed 37888K, reserved 1114112K
  class space    used 3799K, committed 4224K, reserved 1048576K
}
Event: 5.729 GC heap before
{Heap before GC invocations=18 (full 2):
 PSYoungGen      total 24576K, used 24259K [0x00000000d5580000, 0x00000000d7180000, 0x0000000100000000)
  eden space 22016K, 100% used [0x00000000d5580000,0x00000000d6b00000,0x00000000d6b00000)
  from space 2560K, 87% used [0x00000000d6d80000,0x00000000d6fb0f60,0x00000000d7000000)
  to   space 1536K, 0% used [0x00000000d7000000,0x00000000d7000000,0x00000000d7180000)
 ParOldGen       total 68608K, used 22184K [0x0000000080000000, 0x0000000084300000, 0x00000000d5580000)
  object space 68608K, 32% used [0x0000000080000000,0x00000000815aa0b8,0x0000000084300000)
 Metaspace       used 37267K, committed 38336K, reserved 1114112K
  class space    used 3828K, committed 4288K, reserved 1048576K
}
Event: 5.734 GC heap after
{Heap after GC invocations=18 (full 2):
 PSYoungGen      total 23040K, used 1520K [0x00000000d5580000, 0x00000000d7600000, 0x0000000100000000)
  eden space 21504K, 0% used [0x00000000d5580000,0x00000000d5580000,0x00000000d6a80000)
  from space 1536K, 98% used [0x00000000d7000000,0x00000000d717c010,0x00000000d7180000)
  to   space 5632K, 0% used [0x00000000d6a80000,0x00000000d6a80000,0x00000000d7000000)
 ParOldGen       total 68608K, used 25380K [0x0000000080000000, 0x0000000084300000, 0x00000000d5580000)
  object space 68608K, 36% used [0x0000000080000000,0x00000000818c9250,0x0000000084300000)
 Metaspace       used 37267K, committed 38336K, reserved 1114112K
  class space    used 3828K, committed 4288K, reserved 1048576K
}

Dll operation events (10 events):
Event: 0.004 Loaded shared library c:\Users\Admin\.vscode\extensions\redhat.java-1.50.0-win32-x64\jre\21.0.9-win32-x86_64\bin\java.dll
Event: 0.067 Loaded shared library c:\Users\Admin\.vscode\extensions\redhat.java-1.50.0-win32-x64\jre\21.0.9-win32-x86_64\bin\zip.dll
Event: 0.097 Loaded shared library C:\Users\Admin\.vscode\extensions\redhat.java-1.50.0-win32-x64\jre\21.0.9-win32-x86_64\bin\instrument.dll
Event: 0.101 Loaded shared library C:\Users\Admin\.vscode\extensions\redhat.java-1.50.0-win32-x64\jre\21.0.9-win32-x86_64\bin\net.dll
Event: 0.103 Loaded shared library C:\Users\Admin\.vscode\extensions\redhat.java-1.50.0-win32-x64\jre\21.0.9-win32-x86_64\bin\nio.dll
Event: 0.105 Loaded shared library C:\Users\Admin\.vscode\extensions\redhat.java-1.50.0-win32-x64\jre\21.0.9-win32-x86_64\bin\zip.dll
Event: 0.120 Loaded shared library C:\Users\Admin\.vscode\extensions\redhat.java-1.50.0-win32-x64\jre\21.0.9-win32-x86_64\bin\jimage.dll
Event: 0.192 Loaded shared library c:\Users\Admin\.vscode\extensions\redhat.java-1.50.0-win32-x64\jre\21.0.9-win32-x86_64\bin\verify.dll
Event: 1.542 Loaded shared library C:\Users\Admin\AppData\Roaming\Code\User\globalStorage\redhat.java\1.50.0\config_ss_win\org.eclipse.equinox.launcher\org.eclipse.equinox.launcher.win32.win32.x86_64_1.2.1400.v20250801-0854\eclipse_11916.dll
Event: 3.782 Loaded shared library C:\Users\Admin\AppData\Local\Temp\jna-63116079\jna14302167063566352955.dll

Deoptimization events (20 events):
Event: 5.709 Thread 0x0000029f911af9d0 DEOPT PACKING pc=0x0000029f3ea24f6c sp=0x000000f09adfd900
Event: 5.709 Thread 0x0000029f911af9d0 DEOPT UNPACKING pc=0x0000029f3e283aa2 sp=0x000000f09adfd8c0 mode 2
Event: 5.709 Thread 0x0000029f911af9d0 Uncommon trap: trap_request=0xffffffbe fr.pc=0x0000029f3ea24f6c relative=0x000000000000236c
Event: 5.709 Thread 0x0000029f911af9d0 Uncommon trap: reason=profile_predicate action=maybe_recompile pc=0x0000029f3ea24f6c method=org.eclipse.jdt.internal.core.util.DeduplicationUtil.intern(Ljava/util/List;)Ljava/util/List; @ 127 c2
Event: 5.709 Thread 0x0000029f911af9d0 DEOPT PACKING pc=0x0000029f3ea24f6c sp=0x000000f09adfd900
Event: 5.709 Thread 0x0000029f911af9d0 DEOPT UNPACKING pc=0x0000029f3e283aa2 sp=0x000000f09adfd8c0 mode 2
Event: 5.710 Thread 0x0000029f911af9d0 Uncommon trap: trap_request=0xffffffbe fr.pc=0x0000029f3ea24f6c relative=0x000000000000236c
Event: 5.710 Thread 0x0000029f911af9d0 Uncommon trap: reason=profile_predicate action=maybe_recompile pc=0x0000029f3ea24f6c method=org.eclipse.jdt.internal.core.util.DeduplicationUtil.intern(Ljava/util/List;)Ljava/util/List; @ 127 c2
Event: 5.710 Thread 0x0000029f911af9d0 DEOPT PACKING pc=0x0000029f3ea24f6c sp=0x000000f09adfd900
Event: 5.710 Thread 0x0000029f911af9d0 DEOPT UNPACKING pc=0x0000029f3e283aa2 sp=0x000000f09adfd8c0 mode 2
Event: 5.710 Thread 0x0000029f911af9d0 Uncommon trap: trap_request=0xffffffbe fr.pc=0x0000029f3ea24f6c relative=0x000000000000236c
Event: 5.710 Thread 0x0000029f911af9d0 Uncommon trap: reason=profile_predicate action=maybe_recompile pc=0x0000029f3ea24f6c method=org.eclipse.jdt.internal.core.util.DeduplicationUtil.intern(Ljava/util/List;)Ljava/util/List; @ 127 c2
Event: 5.710 Thread 0x0000029f911af9d0 DEOPT PACKING pc=0x0000029f3ea24f6c sp=0x000000f09adfd900
Event: 5.710 Thread 0x0000029f911af9d0 DEOPT UNPACKING pc=0x0000029f3e283aa2 sp=0x000000f09adfd8c0 mode 2
Event: 5.803 Thread 0x0000029f91c73e50 DEOPT PACKING pc=0x0000029f36d3bfb0 sp=0x000000f09b9fd2c0
Event: 5.803 Thread 0x0000029f91c73e50 DEOPT UNPACKING pc=0x0000029f3e284242 sp=0x000000f09b9fc768 mode 0
Event: 5.819 Thread 0x0000029f91c73e50 Uncommon trap: trap_request=0xffffff45 fr.pc=0x0000029f3ea01ff8 relative=0x00000000000022b8
Event: 5.819 Thread 0x0000029f91c73e50 Uncommon trap: reason=unstable_if action=reinterpret pc=0x0000029f3ea01ff8 method=org.eclipse.jdt.internal.core.JarPackageFragmentRoot.initRawPackageInfo(Ljava/util/Map;Ljava/lang/String;Ljava/lang/String;ZLjava/lang/String;)V @ 151 c2
Event: 5.819 Thread 0x0000029f91c73e50 DEOPT PACKING pc=0x0000029f3ea01ff8 sp=0x000000f09b9fcf80
Event: 5.819 Thread 0x0000029f91c73e50 DEOPT UNPACKING pc=0x0000029f3e283aa2 sp=0x000000f09b9fcf48 mode 2

Classes loaded (20 events):
Event: 5.164 Loading class java/lang/invoke/MethodHandleImpl$Makers$1
Event: 5.164 Loading class java/lang/invoke/MethodHandleImpl$Makers$1 done
Event: 5.164 Loading class java/lang/invoke/MethodHandleImpl$Makers$2
Event: 5.164 Loading class java/lang/invoke/MethodHandleImpl$Makers$2 done
Event: 5.164 Loading class java/lang/invoke/MethodHandleImpl$Makers$3
Event: 5.164 Loading class java/lang/invoke/MethodHandleImpl$Makers$3 done
Event: 5.167 Loading class java/lang/runtime/ObjectMethods$1
Event: 5.167 Loading class java/lang/runtime/ObjectMethods$1 done
Event: 5.423 Loading class java/util/regex/Pattern$Caret
Event: 5.423 Loading class java/util/regex/Pattern$Caret done
Event: 5.437 Loading class java/util/Hashtable$ValueCollection
Event: 5.437 Loading class java/util/Hashtable$ValueCollection done
Event: 5.522 Loading class java/lang/UnsupportedClassVersionError
Event: 5.522 Loading class java/lang/UnsupportedClassVersionError done
Event: 5.522 Loading class java/io/FileReader
Event: 5.522 Loading class java/io/FileReader done
Event: 5.665 Loading class java/lang/invoke/MethodHandleImpl$CountingWrapper
Event: 5.665 Loading class java/lang/invoke/MethodHandleImpl$CountingWrapper done
Event: 5.795 Loading class java/lang/invoke/MethodHandleImpl$CountingWrapper$1
Event: 5.795 Loading class java/lang/invoke/MethodHandleImpl$CountingWrapper$1 done

Classes unloaded (7 events):
Event: 3.314 Thread 0x0000029f33bb9450 Unloading class 0x0000029f4c18cc00 'java/lang/invoke/LambdaForm$MH+0x0000029f4c18cc00'
Event: 3.314 Thread 0x0000029f33bb9450 Unloading class 0x0000029f4c18c800 'java/lang/invoke/LambdaForm$MH+0x0000029f4c18c800'
Event: 3.314 Thread 0x0000029f33bb9450 Unloading class 0x0000029f4c18c400 'java/lang/invoke/LambdaForm$MH+0x0000029f4c18c400'
Event: 3.314 Thread 0x0000029f33bb9450 Unloading class 0x0000029f4c18c000 'java/lang/invoke/LambdaForm$MH+0x0000029f4c18c000'
Event: 3.314 Thread 0x0000029f33bb9450 Unloading class 0x0000029f4c18bc00 'java/lang/invoke/LambdaForm$BMH+0x0000029f4c18bc00'
Event: 3.314 Thread 0x0000029f33bb9450 Unloading class 0x0000029f4c18b800 'java/lang/invoke/LambdaForm$DMH+0x0000029f4c18b800'
Event: 3.314 Thread 0x0000029f33bb9450 Unloading class 0x0000029f4c18a400 'java/lang/invoke/LambdaForm$DMH+0x0000029f4c18a400'

Classes redefined (0 events):
No events

Internal exceptions (20 events):
Event: 5.156 Thread 0x0000029f911af9d0 Exception <a 'sun/nio/fs/WindowsException'{0x00000000d57e8b88}> (0x00000000d57e8b88) 
thrown [s\src\hotspot\share\prims\jni.cpp, line 520]
Event: 5.156 Thread 0x0000029f911af9d0 Exception <a 'sun/nio/fs/WindowsException'{0x00000000d57e91d8}> (0x00000000d57e91d8) 
thrown [s\src\hotspot\share\prims\jni.cpp, line 520]
Event: 5.163 Thread 0x0000029f911af9d0 Exception <a 'java/lang/NoSuchMethodError'{0x00000000d591a5b0}: 'java.lang.Object java.lang.invoke.DirectMethodHandle$Holder.invokeStaticInit(java.lang.Object, java.lang.Object, java.lang.Object, java.lang.Object, java.lang.Object, java.lang.Object, java.lang.Object)'> (0x00000000d591a5b0) 
thrown [s\src\hotspot\share\interpreter\linkResolver.cpp, line 773]
Event: 5.163 Thread 0x0000029f911af9d0 Exception <a 'java/lang/NoSuchMethodError'{0x00000000d591f448}: 'java.lang.Object java.lang.invoke.Invokers$Holder.invoke_MT(java.lang.Object, java.lang.Object, java.lang.Object, java.lang.Object, java.lang.Object, java.lang.Object, java.lang.Object, java.lang.Object, java.lang.Object, java.lang.Object)'> (0x00000000d591f448) 
thrown [s\src\hotspot\share\interpreter\linkResolver.cpp, line 773]
Event: 5.167 Thread 0x0000029f911af9d0 Exception <a 'java/lang/NoSuchMethodError'{0x00000000d59ac0b0}: 'int java.lang.invoke.DirectMethodHandle$Holder.invokeVirtual(java.lang.Object, java.lang.Object, java.lang.Object)'> (0x00000000d59ac0b0) 
thrown [s\src\hotspot\share\interpreter\linkResolver.cpp, line 773]
Event: 5.167 Thread 0x0000029f911af9d0 Exception <a 'java/lang/NoSuchMethodError'{0x00000000d59b0458}: 'int java.lang.invoke.DirectMethodHandle$Holder.invokeStaticInit(java.lang.Object, int, int)'> (0x00000000d59b0458) 
thrown [s\src\hotspot\share\interpreter\linkResolver.cpp, line 773]
Event: 5.168 Thread 0x0000029f911af9d0 Exception <a 'java/lang/NoSuchMethodError'{0x00000000d59b7c00}: 'int java.lang.invoke.DirectMethodHandle$Holder.invokeStaticInit(java.lang.Object, long, long)'> (0x00000000d59b7c00) 
thrown [s\src\hotspot\share\interpreter\linkResolver.cpp, line 773]
Event: 5.168 Thread 0x0000029f911af9d0 Exception <a 'java/lang/NoSuchMethodError'{0x00000000d59be948}: 'int java.lang.invoke.DirectMethodHandle$Holder.invokeStaticInit(java.lang.Object, float, float)'> (0x00000000d59be948) 
thrown [s\src\hotspot\share\interpreter\linkResolver.cpp, line 773]
Event: 5.168 Thread 0x0000029f911af9d0 Exception <a 'java/lang/NoSuchMethodError'{0x00000000d59c5908}: 'int java.lang.invoke.DirectMethodHandle$Holder.invokeStaticInit(java.lang.Object, double, double)'> (0x00000000d59c5908) 
thrown [s\src\hotspot\share\interpreter\linkResolver.cpp, line 773]
Event: 5.169 Thread 0x0000029f911af9d0 Exception <a 'java/lang/NoSuchMethodError'{0x00000000d59ca120}: 'int java.lang.invoke.DirectMethodHandle$Holder.invokeStatic(java.lang.Object, long)'> (0x00000000d59ca120) 
thrown [s\src\hotspot\share\interpreter\linkResolver.cpp, line 773]
Event: 5.170 Thread 0x0000029f911af9d0 Exception <a 'java/lang/NoSuchMethodError'{0x00000000d5a06798}: 'int java.lang.invoke.Invokers$Holder.linkToTargetMethod(java.lang.Object, java.lang.Object)'> (0x00000000d5a06798) 
thrown [s\src\hotspot\share\interpreter\linkResolver.cpp, line 773]
Event: 5.382 Thread 0x0000029f9373f2a0 Implicit null exception at 0x0000029f3e9e6da0 to 0x0000029f3e9e7914
Event: 5.441 Thread 0x0000029f9373e580 Exception <a 'java/lang/NoSuchMethodError'{0x00000000d66ef288}: 'java.lang.Object java.lang.invoke.DirectMethodHandle$Holder.invokeSpecial(java.lang.Object, java.lang.Object, java.lang.Object, java.lang.Object, int, java.lang.Object, java.lang.Object)'> (0x00000000d66ef288) 
thrown [s\src\hotspot\share\interpreter\linkResolver.cpp, line 773]
Event: 5.453 Thread 0x0000029f9373ec10 Implicit null exception at 0x0000029f3e963f89 to 0x0000029f3e96409c
Event: 5.641 Thread 0x0000029f91c73e50 Exception <a 'java/lang/NoSuchMethodError'{0x00000000d6290798}: 'int java.lang.invoke.Invokers$Holder.invokeExact_MT(java.lang.Object, java.lang.Object)'> (0x00000000d6290798) 
thrown [s\src\hotspot\share\interpreter\linkResolver.cpp, line 773]
Event: 5.663 Thread 0x0000029f91c73e50 Exception <a 'java/lang/NoSuchMethodError'{0x00000000d64e6460}: 'int java.lang.invoke.DirectMethodHandle$Holder.invokeSpecial(java.lang.Object, java.lang.Object, java.lang.Object, java.lang.Object)'> (0x00000000d64e6460) 
thrown [s\src\hotspot\share\interpreter\linkResolver.cpp, line 773]
Event: 5.664 Thread 0x0000029f91c73e50 Exception <a 'java/lang/NoSuchMethodError'{0x00000000d64f4008}: 'java.lang.Object java.lang.invoke.DirectMethodHandle$Holder.invokeStatic(java.lang.Object, int, java.lang.Object, java.lang.Object)'> (0x00000000d64f4008) 
thrown [s\src\hotspot\share\interpreter\linkResolver.cpp, line 773]
Event: 5.665 Thread 0x0000029f91c73e50 Exception <a 'java/lang/NoSuchMethodError'{0x00000000d64f7ab8}: 'java.lang.Object java.lang.invoke.DelegatingMethodHandle$Holder.delegate(java.lang.Object, int, java.lang.Object, java.lang.Object)'> (0x00000000d64f7ab8) 
thrown [s\src\hotspot\share\interpreter\linkResolver.cpp, line 773]
Event: 5.665 Thread 0x0000029f91c73e50 Implicit null exception at 0x0000029f3e9cb280 to 0x0000029f3e9cb5ec
Event: 5.708 Thread 0x0000029f91c73e50 Exception <a 'java/lang/NoSuchMethodError'{0x00000000d6525ca8}: 'int java.lang.invoke.Invokers$Holder.linkToTargetMethod(java.lang.Object, java.lang.Object, java.lang.Object)'> (0x00000000d6525ca8) 
thrown [s\src\hotspot\share\interpreter\linkResolver.cpp, line 773]

ZGC Phase Switch (0 events):
No events

VM Operations (20 events):
Event: 4.915 Executing VM operation: ParallelGCFailedAllocation (Allocation Failure)
Event: 4.919 Executing VM operation: ParallelGCFailedAllocation (Allocation Failure) done
Event: 4.939 Executing VM operation: HandshakeAllThreads (Deoptimize)
Event: 4.941 Executing VM operation: HandshakeAllThreads (Deoptimize) done
Event: 4.941 Executing VM operation: HandshakeAllThreads (Deoptimize)
Event: 4.941 Executing VM operation: HandshakeAllThreads (Deoptimize) done
Event: 5.093 Executing VM operation: CollectForMetadataAllocation (Metadata GC Threshold)
Event: 5.127 Executing VM operation: CollectForMetadataAllocation (Metadata GC Threshold) done
Event: 5.159 Executing VM operation: HandshakeAllThreads (Deoptimize)
Event: 5.159 Executing VM operation: HandshakeAllThreads (Deoptimize) done
Event: 5.256 Executing VM operation: ParallelGCFailedAllocation (Allocation Failure)
Event: 5.280 Executing VM operation: ParallelGCFailedAllocation (Allocation Failure) done
Event: 5.350 Executing VM operation: ParallelGCFailedAllocation (Allocation Failure)
Event: 5.354 Executing VM operation: ParallelGCFailedAllocation (Allocation Failure) done
Event: 5.445 Executing VM operation: ParallelGCFailedAllocation (Allocation Failure)
Event: 5.452 Executing VM operation: ParallelGCFailedAllocation (Allocation Failure) done
Event: 5.495 Executing VM operation: ParallelGCFailedAllocation (Allocation Failure)
Event: 5.502 Executing VM operation: ParallelGCFailedAllocation (Allocation Failure) done
Event: 5.729 Executing VM operation: ParallelGCFailedAllocation (Allocation Failure)
Event: 5.734 Executing VM operation: ParallelGCFailedAllocation (Allocation Failure) done

Memory protections (0 events):
No events

Nmethod flushes (20 events):
Event: 5.107 Thread 0x0000029f33bb9450 flushing  nmethod 0x0000029f37037d10
Event: 5.107 Thread 0x0000029f33bb9450 flushing  nmethod 0x0000029f3703fa90
Event: 5.107 Thread 0x0000029f33bb9450 flushing  nmethod 0x0000029f37049d10
Event: 5.107 Thread 0x0000029f33bb9450 flushing  nmethod 0x0000029f3704d290
Event: 5.107 Thread 0x0000029f33bb9450 flushing  nmethod 0x0000029f3704d590
Event: 5.107 Thread 0x0000029f33bb9450 flushing  nmethod 0x0000029f37057290
Event: 5.107 Thread 0x0000029f33bb9450 flushing  nmethod 0x0000029f37120690
Event: 5.107 Thread 0x0000029f33bb9450 flushing  nmethod 0x0000029f37120b10
Event: 5.107 Thread 0x0000029f33bb9450 flushing  nmethod 0x0000029f37126710
Event: 5.107 Thread 0x0000029f33bb9450 flushing  nmethod 0x0000029f3713cb90
Event: 5.107 Thread 0x0000029f33bb9450 flushing  nmethod 0x0000029f3713d890
Event: 5.107 Thread 0x0000029f33bb9450 flushing  nmethod 0x0000029f3713dc90
Event: 5.107 Thread 0x0000029f33bb9450 flushing  nmethod 0x0000029f3715ce10
Event: 5.107 Thread 0x0000029f33bb9450 flushing  nmethod 0x0000029f37162f10
Event: 5.107 Thread 0x0000029f33bb9450 flushing  nmethod 0x0000029f37198210
Event: 5.107 Thread 0x0000029f33bb9450 flushing  nmethod 0x0000029f37198c90
Event: 5.107 Thread 0x0000029f33bb9450 flushing  nmethod 0x0000029f371b5110
Event: 5.107 Thread 0x0000029f33bb9450 flushing  nmethod 0x0000029f371b9110
Event: 5.107 Thread 0x0000029f33bb9450 flushing  nmethod 0x0000029f371b9d10
Event: 5.107 Thread 0x0000029f33bb9450 flushing  nmethod 0x0000029f371d6290

Events (20 events):
Event: 2.902 Thread 0x0000029f33a61620 Thread added: 0x0000029f91338a20
Event: 3.023 Thread 0x0000029f91338a20 Thread exited: 0x0000029f91338a20
Event: 3.219 Thread 0x0000029f33a61620 Thread added: 0x0000029f91a1e050
Event: 3.375 Thread 0x0000029f8c9f6e20 Thread added: 0x0000029f91767330
Event: 3.520 Thread 0x0000029f91767330 Thread exited: 0x0000029f91767330
Event: 3.795 Thread 0x0000029f8c9f6e20 Thread added: 0x0000029f91c744e0
Event: 3.930 Thread 0x0000029f33af9df0 Thread added: 0x0000029f91c73130
Event: 3.930 Thread 0x0000029f33af9df0 Thread added: 0x0000029f91c71d80
Event: 3.930 Thread 0x0000029f33af9df0 Thread added: 0x0000029f91c737c0
Event: 3.930 Thread 0x0000029f33af9df0 Thread added: 0x0000029f91c71060
Event: 3.930 Thread 0x0000029f33af9df0 Thread added: 0x0000029f91c72aa0
Event: 3.953 Thread 0x0000029f33af9df0 Thread added: 0x0000029f91c72410
Event: 4.096 Thread 0x0000029f33af9df0 Thread added: 0x0000029f91c716f0
Event: 4.096 Thread 0x0000029f33af9df0 Thread added: 0x0000029f91c73e50
Event: 4.341 Thread 0x0000029f91c73e50 Thread added: 0x0000029f9373ec10
Event: 4.343 Thread 0x0000029f91c73e50 Thread added: 0x0000029f9373e580
Event: 4.345 Thread 0x0000029f9373e580 Thread added: 0x0000029f9373f2a0
Event: 4.477 Thread 0x0000029f911af9d0 Thread added: 0x0000029f9373f930
Event: 4.490 Thread 0x0000029f9373f930 Thread exited: 0x0000029f9373f930
Event: 4.847 Thread 0x0000029f911af9d0 Thread added: 0x0000029f93740650


Dynamic libraries:
0x00007ff74d540000 - 0x00007ff74d54e000 	c:\Users\Admin\.vscode\extensions\redhat.java-1.50.0-win32-x64\jre\21.0.9-win32-x86_64\bin\java.exe
0x00007ffa44980000 - 0x00007ffa44b70000 	C:\Windows\SYSTEM32\ntdll.dll
0x00007ffa43de0000 - 0x00007ffa43e93000 	C:\Windows\System32\KERNEL32.DLL
0x00007ffa418f0000 - 0x00007ffa41b95000 	C:\Windows\System32\KERNELBASE.dll
0x00007ffa41d50000 - 0x00007ffa41e4a000 	C:\Windows\System32\ucrtbase.dll
0x00007ffa34cc0000 - 0x00007ffa34cd8000 	c:\Users\Admin\.vscode\extensions\redhat.java-1.50.0-win32-x64\jre\21.0.9-win32-x86_64\bin\jli.dll
0x00007ffa42ae0000 - 0x00007ffa42c74000 	C:\Windows\System32\USER32.dll
0x00007ffa42900000 - 0x00007ffa42921000 	C:\Windows\System32\win32u.dll
0x00007ffa44590000 - 0x00007ffa445b6000 	C:\Windows\System32\GDI32.dll
0x00007ffa426b0000 - 0x00007ffa42848000 	C:\Windows\System32\gdi32full.dll
0x00007ffa42980000 - 0x00007ffa42a1e000 	C:\Windows\System32\msvcp_win.dll
0x00007ffa288c0000 - 0x00007ffa288de000 	c:\Users\Admin\.vscode\extensions\redhat.java-1.50.0-win32-x64\jre\21.0.9-win32-x86_64\bin\VCRUNTIME140.dll
0x00007ffa32140000 - 0x00007ffa323c4000 	C:\Windows\WinSxS\amd64_microsoft.windows.common-controls_6595b64144ccf1df_6.0.18362.2094_none_9e826881e45a6f81\COMCTL32.dll
0x00007ffa42c80000 - 0x00007ffa42d1e000 	C:\Windows\System32\msvcrt.dll
0x00007ffa43610000 - 0x00007ffa43946000 	C:\Windows\System32\combase.dll
0x00007ffa44670000 - 0x00007ffa4478b000 	C:\Windows\System32\RPCRT4.dll
0x00007ffa42620000 - 0x00007ffa426a4000 	C:\Windows\System32\bcryptPrimitives.dll
0x00007ffa448f0000 - 0x00007ffa4491e000 	C:\Windows\System32\IMM32.DLL
0x00007ffa3a310000 - 0x00007ffa3a31c000 	c:\Users\Admin\.vscode\extensions\redhat.java-1.50.0-win32-x64\jre\21.0.9-win32-x86_64\bin\vcruntime140_1.dll
0x00007ffa16bf0000 - 0x00007ffa16c7d000 	c:\Users\Admin\.vscode\extensions\redhat.java-1.50.0-win32-x64\jre\21.0.9-win32-x86_64\bin\msvcp140.dll
0x00007ff9af920000 - 0x00007ff9b06c0000 	c:\Users\Admin\.vscode\extensions\redhat.java-1.50.0-win32-x64\jre\21.0.9-win32-x86_64\bin\server\jvm.dll
0x00007ffa445c0000 - 0x00007ffa44665000 	C:\Windows\System32\ADVAPI32.dll
0x00007ffa43570000 - 0x00007ffa43608000 	C:\Windows\System32\sechost.dll
0x00007ffa41860000 - 0x00007ffa418aa000 	C:\Windows\System32\POWRPROF.dll
0x00007ffa41830000 - 0x00007ffa41840000 	C:\Windows\System32\UMPDC.dll
0x00007ffa43480000 - 0x00007ffa434ef000 	C:\Windows\System32\WS2_32.dll
0x00007ffa3f1e0000 - 0x00007ffa3f204000 	C:\Windows\SYSTEM32\WINMM.dll
0x00007ffa3c140000 - 0x00007ffa3c14a000 	C:\Windows\SYSTEM32\VERSION.dll
0x00007ffa3f1b0000 - 0x00007ffa3f1dd000 	C:\Windows\SYSTEM32\WINMMBASE.dll
0x00007ffa42930000 - 0x00007ffa4297a000 	C:\Windows\System32\cfgmgr32.dll
0x00007ffa418d0000 - 0x00007ffa418e1000 	C:\Windows\System32\kernel.appcore.dll
0x00007ffa348e0000 - 0x00007ffa348ea000 	c:\Users\Admin\.vscode\extensions\redhat.java-1.50.0-win32-x64\jre\21.0.9-win32-x86_64\bin\jimage.dll
0x00007ffa37b70000 - 0x00007ffa37d64000 	C:\Windows\SYSTEM32\DBGHELP.DLL
0x00007ffa29a10000 - 0x00007ffa29a3a000 	C:\Windows\SYSTEM32\dbgcore.DLL
0x00007ffa2efa0000 - 0x00007ffa2efaf000 	c:\Users\Admin\.vscode\extensions\redhat.java-1.50.0-win32-x64\jre\21.0.9-win32-x86_64\bin\instrument.dll
0x00007ffa265c0000 - 0x00007ffa265e0000 	c:\Users\Admin\.vscode\extensions\redhat.java-1.50.0-win32-x64\jre\21.0.9-win32-x86_64\bin\java.dll
0x00007ffa43ea0000 - 0x00007ffa44587000 	C:\Windows\System32\SHELL32.dll
0x00007ffa42e80000 - 0x00007ffa42f29000 	C:\Windows\System32\shcore.dll
0x00007ffa41ea0000 - 0x00007ffa4261c000 	C:\Windows\System32\windows.storage.dll
0x00007ffa418b0000 - 0x00007ffa418ce000 	C:\Windows\System32\profapi.dll
0x00007ffa42a20000 - 0x00007ffa42a72000 	C:\Windows\System32\shlwapi.dll
0x00007ffa41e50000 - 0x00007ffa41e67000 	C:\Windows\System32\cryptsp.dll
0x00007ffa25b40000 - 0x00007ffa25b58000 	c:\Users\Admin\.vscode\extensions\redhat.java-1.50.0-win32-x64\jre\21.0.9-win32-x86_64\bin\zip.dll
0x00007ffa34110000 - 0x00007ffa34120000 	C:\Users\Admin\.vscode\extensions\redhat.java-1.50.0-win32-x64\jre\21.0.9-win32-x86_64\bin\net.dll
0x00007ffa370f0000 - 0x00007ffa371e9000 	C:\Windows\SYSTEM32\WINHTTP.dll
0x00007ffa40fc0000 - 0x00007ffa41027000 	C:\Windows\system32\mswsock.dll
0x00007ffa1b0c0000 - 0x00007ffa1b0d6000 	C:\Users\Admin\.vscode\extensions\redhat.java-1.50.0-win32-x64\jre\21.0.9-win32-x86_64\bin\nio.dll
0x00007ffa2edf0000 - 0x00007ffa2ee00000 	c:\Users\Admin\.vscode\extensions\redhat.java-1.50.0-win32-x64\jre\21.0.9-win32-x86_64\bin\verify.dll
0x00007ffa34080000 - 0x00007ffa340c4000 	C:\Users\Admin\AppData\Roaming\Code\User\globalStorage\redhat.java\1.50.0\config_ss_win\org.eclipse.equinox.launcher\org.eclipse.equinox.launcher.win32.win32.x86_64_1.2.1400.v20250801-0854\eclipse_11916.dll
0x00007ffa44790000 - 0x00007ffa448e7000 	C:\Windows\System32\ole32.dll
0x00007ffa40b50000 - 0x00007ffa40b83000 	C:\Windows\system32\rsaenh.dll
0x00007ffa41e70000 - 0x00007ffa41e96000 	C:\Windows\System32\bcrypt.dll
0x00007ffa41720000 - 0x00007ffa41745000 	C:\Windows\SYSTEM32\USERENV.dll
0x00007ffa41140000 - 0x00007ffa4114c000 	C:\Windows\SYSTEM32\CRYPTBASE.dll
0x00007ffa40ce0000 - 0x00007ffa40d1a000 	C:\Windows\SYSTEM32\IPHLPAPI.DLL
0x00007ffa43190000 - 0x00007ffa43198000 	C:\Windows\System32\NSI.dll
0x00007ffa33ff0000 - 0x00007ffa34039000 	C:\Users\Admin\AppData\Local\Temp\jna-63116079\jna14302167063566352955.dll
0x00007ffa42da0000 - 0x00007ffa42da8000 	C:\Windows\System32\PSAPI.DLL
0x00007ffa3b790000 - 0x00007ffa3b7a6000 	C:\Windows\SYSTEM32\dhcpcsvc6.DLL
0x00007ffa3bbe0000 - 0x00007ffa3bbfc000 	C:\Windows\SYSTEM32\dhcpcsvc.DLL

JVMTI agents:
c:\Users\Admin\.vscode\extensions\redhat.java-1.50.0-win32-x64\lombok\lombok-1.18.39-4050.jar path:c:\Users\Admin\.vscode\extensions\redhat.java-1.50.0-win32-x64\jre\21.0.9-win32-x86_64\bin\instrument.dll, loaded, initialized, instrumentlib options:none

dbghelp: loaded successfully - version: 4.0.5 - missing functions: none
symbol engine: initialized successfully - sym options: 0x614 - pdb path: .;c:\Users\Admin\.vscode\extensions\redhat.java-1.50.0-win32-x64\jre\21.0.9-win32-x86_64\bin;C:\Windows\SYSTEM32;C:\Windows\WinSxS\amd64_microsoft.windows.common-controls_6595b64144ccf1df_6.0.18362.2094_none_9e826881e45a6f81;c:\Users\Admin\.vscode\extensions\redhat.java-1.50.0-win32-x64\jre\21.0.9-win32-x86_64\bin\server;C:\Users\Admin\AppData\Roaming\Code\User\globalStorage\redhat.java\1.50.0\config_ss_win\org.eclipse.equinox.launcher\org.eclipse.equinox.launcher.win32.win32.x86_64_1.2.1400.v20250801-0854;C:\Users\Admin\AppData\Local\Temp\jna-63116079

VM Arguments:
jvm_args: --add-modules=ALL-SYSTEM --add-opens=java.base/java.util=ALL-UNNAMED --add-opens=java.base/java.lang=ALL-UNNAMED --add-opens=java.base/sun.nio.fs=ALL-UNNAMED -Declipse.application=org.eclipse.jdt.ls.core.id1 -Dosgi.bundles.defaultStartLevel=4 -Declipse.product=org.eclipse.jdt.ls.core.product -Djava.import.generatesMetadataFilesAtProjectRoot=false -DDetectVMInstallationsJob.disabled=true -Dfile.encoding=utf8 -XX:+UseParallelGC -XX:GCTimeRatio=4 -XX:AdaptiveSizePolicyWeight=90 -Dsun.zip.disableMemoryMapping=true -Xmx2G -Xms100m -Xlog:disable -javaagent:c:\Users\Admin\.vscode\extensions\redhat.java-1.50.0-win32-x64\lombok\lombok-1.18.39-4050.jar 
java_command: c:\Users\Admin\.vscode\extensions\redhat.java-1.50.0-win32-x64\server\plugins\org.eclipse.equinox.launcher_1.7.100.v20251111-0406.jar -configuration c:\Users\Admin\AppData\Roaming\Code\User\globalStorage\redhat.java\1.50.0\config_ss_win -data c:\Users\Admin\AppData\Roaming\Code\User\workspaceStorage\03c2d20ecec2e68c7435037f164b59d0\redhat.java\ss_ws --pipe=\\.\pipe\lsp-41f1f2efd8ae2a86bde8a66de60d1e4f-sock
java_class_path (initial): c:\Users\Admin\.vscode\extensions\redhat.java-1.50.0-win32-x64\server\plugins\org.eclipse.equinox.launcher_1.7.100.v20251111-0406.jar
Launcher Type: SUN_STANDARD

[Global flags]
    uintx AdaptiveSizePolicyWeight                 = 90                                        {product} {command line}
     intx CICompilerCount                          = 3                                         {product} {ergonomic}
    uintx GCTimeRatio                              = 4                                         {product} {command line}
   size_t InitialHeapSize                          = 104857600                                 {product} {command line}
   size_t MaxHeapSize                              = 2147483648                                {product} {command line}
   size_t MaxNewSize                               = 715653120                                 {product} {ergonomic}
   size_t MinHeapDeltaBytes                        = 524288                                    {product} {ergonomic}
   size_t MinHeapSize                              = 104857600                                 {product} {command line}
   size_t NewSize                                  = 34603008                                  {product} {ergonomic}
    uintx NonNMethodCodeHeapSize                   = 5832780                                {pd product} {ergonomic}
    uintx NonProfiledCodeHeapSize                  = 122912730                              {pd product} {ergonomic}
   size_t OldSize                                  = 70254592                                  {product} {ergonomic}
    uintx ProfiledCodeHeapSize                     = 122912730                              {pd product} {ergonomic}
    uintx ReservedCodeCacheSize                    = 251658240                              {pd product} {ergonomic}
     bool SegmentedCodeCache                       = true                                      {product} {ergonomic}
   size_t SoftMaxHeapSize                          = 2147483648                             {manageable} {ergonomic}
     bool UseCompressedOops                        = true                           {product lp64_product} {ergonomic}
     bool UseLargePagesIndividualAllocation        = false                                  {pd product} {ergonomic}
     bool UseParallelGC                            = true                                      {product} {command line}

Logging:
Log output configuration:
 #0: stdout all=off uptime,level,tags foldmultilines=false
 #1: stderr all=off uptime,level,tags foldmultilines=false

Release file:
JAVA_VERSION="21.0.9" 
MODULES="java.base java.compiler java.datatransfer java.xml java.prefs java.desktop java.instrument java.logging java.management java.security.sasl java.naming java.rmi java.management.rmi java.net.http java.scripting java.security.jgss java.transaction.xa java.sql java.sql.rowset java.xml.crypto java.se java.smartcardio jdk.accessibility jdk.internal.jvmstat jdk.attach jdk.charsets jdk.internal.opt jdk.zipfs jdk.compiler jdk.crypto.ec jdk.crypto.cryptoki jdk.crypto.mscapi jdk.dynalink jdk.internal.ed jdk.editpad jdk.hotspot.agent jdk.httpserver jdk.internal.le jdk.internal.vm.ci jdk.internal.vm.compiler jdk.internal.vm.compiler.management jdk.jartool jdk.javadoc jdk.jcmd jdk.management jdk.management.agent jdk.jconsole jdk.jdeps jdk.jdwp.agent jdk.jdi jdk.jfr jdk.jshell jdk.jsobject jdk.jstatd jdk.localedata jdk.management.jfr jdk.naming.dns jdk.naming.rmi jdk.net jdk.nio.mapmode jdk.random jdk.sctp jdk.security.auth jdk.security.jgss jdk.unsupported jdk.unsupported.desktop jdk.xml.dom" 

Environment Variables:
JAVA_HOME=C:\Program Files\Java\jdk-17.0.17\
PATH=C:\Program Files\Common Files\Oracle\Java\javapath;C:\Program Files\Java\jdk-17.0.17\binC:\Program Files\Java\jdk-17.0.17\bin;C:\Program Files (x86)\Common Files\Oracle\Java\javapath;C:\Windows\system32;C:\Windows;C:\Windows\System32\Wbem;C:\Windows\System32\WindowsPowerShell\v1.0\;C:\Windows\System32\OpenSSH\;C:\Program Files (x86)\NVIDIA Corporation\PhysX\Common;C:\Program Files\Cloudflare\Cloudflare WARP\;C:\Gradle\gradle-7.5.1\bin;C:\Program Files\Git\cmd;C:\Users\Admin\AppData\Local\Microsoft\WindowsApps;C:\Users\Admin\AppData\Local\Programs\Microsoft VS Code\bin;C:\Program Files\Java\jdk-17.0.17\C:\Program Files\Java\jdk-17.0.17\bin;
USERNAME=Admin
OS=Windows_NT
PROCESSOR_IDENTIFIER=Intel64 Family 6 Model 158 Stepping 11, GenuineIntel
TMP=C:\Users\Admin\AppData\Local\Temp
TEMP=C:\Users\Admin\AppData\Local\Temp




Periodic native trim disabled

---------------  S Y S T E M  ---------------

OS:
 Windows 10 , 64 bit Build 18362 (10.0.18362.2037)
OS uptime: 0 days 14:46 hours
Hyper-V role detected

CPU: total 4 (initial active 4) (4 cores per cpu, 1 threads per core) family 6 model 158 stepping 11 microcode 0xea, cx8, cmov, fxsr, mmx, 3dnowpref, sse, sse2, sse3, ssse3, sse4.1, sse4.2, popcnt, lzcnt, tsc, tscinvbit, avx, avx2, aes, erms, clmul, bmi1, bmi2, adx, fma, vzeroupper, clflush, clflushopt, hv, rdtscp, f16c
Processor Information for the first 4 processors :
  Max Mhz: 3600, Current Mhz: 3600, Mhz Limit: 3600

Memory: 4k page, system-wide physical 16245M (4540M free)
TotalPageFile size 16245M (AvailPageFile size 1M)
current process WorkingSet (physical memory assigned to process): 176M, peak: 190M
current process commit charge ("private bytes"): 286M, peak: 305M

vm_info: OpenJDK 64-Bit Server VM (21.0.9+10-LTS) for windows-amd64 JRE (21.0.9+10-LTS), built on 2025-10-21T00:00:00Z by "admin" with unknown MS VC++:1942

END.
